$ next build
▲ Next.js 16.2.9 (Turbopack)

  Creating an optimized production build ...
✓ Compiled successfully in 7.3s
  Running TypeScript ...
  Finished TypeScript in 4.5s ...
  Collecting page data using 8 workers ...
  Generating static pages using 8 workers (0/6) ...
  Generating static pages using 8 workers (1/6) 
  Generating static pages using 8 workers (2/6) 
  Generating static pages using 8 workers (4/6) 
✓ Generating static pages using 8 workers (6/6) in 1073ms
  Finalizing page optimization ...

Route (app)
┌ ○ /
├ ○ /_not-found
├ ○ /icon.svg
├ ○ /login
├ ○ /signup
└ ƒ /trade/[market]


○  (Static)   prerendered as static content
ƒ  (Dynamic)  server-rendered on demand

